---
source: src/generator/from_proto.rs
expression: result
---
schema @server @upstream {
  query: Query
}

type News {
  body: String
  id: Int
  postImage: String
  title: String
}

type NewsList {
  news: [News]!
}

type Query {
  GetAllNews: NewsList! @grpc(method: "GetAllNews")
}
