---
source: src/generator/from_proto.rs
expression: result
---
schema @server @upstream {
  query: Query
}

input greetings__HelloRequest {
  name: String
}

type Query {
  greetings__Greeter__SayHello(helloRequest: greetings__HelloRequest!): greetings__HelloReply! @grpc(method: "greetings.Greeter.SayHello")
}

type greetings__HelloReply {
  message: String
}
